../Core/Src/main.c:102:5:main	8	static
../Core/Src/main.c:190:6:SystemClock_Config	120	static
../Core/Src/main.c:234:13:MX_TIM2_Init	40	static
../Core/Src/main.c:279:13:MX_TIM6_Init	24	static
../Core/Src/main.c:317:13:MX_TIM15_Init	40	static
../Core/Src/main.c:363:13:MX_USART2_UART_Init	8	static
../Core/Src/main.c:398:13:MX_GPIO_Init	40	static
../Core/Src/main.c:487:6:Elevator_Simulator_Init	24	static
../Core/Src/main.c:519:6:Program_Start_Light_Up	8	static
../Core/Src/main.c:567:6:HAL_GPIO_EXTI_Callback	16	static
../Core/Src/main.c:575:6:HAL_TIM_PeriodElapsedCallback	24	static
../Core/Src/main.c:617:6:Error_Handler	4	static,ignoring_inline_asm
