../Core/Src/main.c:101:5:main	16	static
../Core/Src/main.c:189:6:SystemClock_Config	120	static
../Core/Src/main.c:233:13:MX_TIM2_Init	40	static
../Core/Src/main.c:278:13:MX_TIM6_Init	24	static
../Core/Src/main.c:316:13:MX_TIM15_Init	40	static
../Core/Src/main.c:362:13:MX_USART2_UART_Init	8	static
../Core/Src/main.c:397:13:MX_GPIO_Init	40	static
../Core/Src/main.c:486:6:Elevator_Simulator_Init	24	static
../Core/Src/main.c:518:6:Program_Start_Light_Up	8	static
../Core/Src/main.c:566:6:HAL_GPIO_EXTI_Callback	16	static
../Core/Src/main.c:574:6:HAL_TIM_PeriodElapsedCallback	24	static
../Core/Src/main.c:615:6:Error_Handler	4	static,ignoring_inline_asm
