../Core/Src/stm32f3xx_it.c:93:6:NMI_Handler	4	static
../Core/Src/stm32f3xx_it.c:108:6:HardFault_Handler	4	static
../Core/Src/stm32f3xx_it.c:123:6:MemManage_Handler	4	static
../Core/Src/stm32f3xx_it.c:138:6:BusFault_Handler	4	static
../Core/Src/stm32f3xx_it.c:153:6:UsageFault_Handler	4	static
../Core/Src/stm32f3xx_it.c:168:6:SVC_Handler	4	static
../Core/Src/stm32f3xx_it.c:181:6:DebugMon_Handler	4	static
../Core/Src/stm32f3xx_it.c:194:6:PendSV_Handler	4	static
../Core/Src/stm32f3xx_it.c:207:6:SysTick_Handler	8	static
../Core/Src/stm32f3xx_it.c:228:6:EXTI0_IRQHandler	16	static
../Core/Src/stm32f3xx_it.c:269:6:EXTI1_IRQHandler	16	static
../Core/Src/stm32f3xx_it.c:309:6:EXTI2_TSC_IRQHandler	16	static
../Core/Src/stm32f3xx_it.c:349:6:EXTI3_IRQHandler	16	static
../Core/Src/stm32f3xx_it.c:394:6:EXTI4_IRQHandler	16	static
../Core/Src/stm32f3xx_it.c:439:6:EXTI9_5_IRQHandler	16	static
../Core/Src/stm32f3xx_it.c:512:6:TIM1_BRK_TIM15_IRQHandler	8	static
../Core/Src/stm32f3xx_it.c:531:6:TIM2_IRQHandler	8	static
../Core/Src/stm32f3xx_it.c:554:6:EXTI15_10_IRQHandler	8	static
../Core/Src/stm32f3xx_it.c:571:6:TIM6_DAC_IRQHandler	24	static
../Core/Src/stm32f3xx_it.c:766:6:Reset_Timer	16	static
../Core/Src/stm32f3xx_it.c:783:6:Choose_Floor_To_Service	16	static
