../Core/Src/stm32f3xx_it.c:92:6:NMI_Handler	4	static
../Core/Src/stm32f3xx_it.c:107:6:HardFault_Handler	4	static
../Core/Src/stm32f3xx_it.c:122:6:MemManage_Handler	4	static
../Core/Src/stm32f3xx_it.c:137:6:BusFault_Handler	4	static
../Core/Src/stm32f3xx_it.c:152:6:UsageFault_Handler	4	static
../Core/Src/stm32f3xx_it.c:167:6:SVC_Handler	4	static
../Core/Src/stm32f3xx_it.c:180:6:DebugMon_Handler	4	static
../Core/Src/stm32f3xx_it.c:193:6:PendSV_Handler	4	static
../Core/Src/stm32f3xx_it.c:206:6:SysTick_Handler	8	static
../Core/Src/stm32f3xx_it.c:227:6:EXTI0_IRQHandler	16	static
../Core/Src/stm32f3xx_it.c:268:6:EXTI1_IRQHandler	16	static
../Core/Src/stm32f3xx_it.c:308:6:EXTI2_TSC_IRQHandler	16	static
../Core/Src/stm32f3xx_it.c:348:6:EXTI3_IRQHandler	16	static
../Core/Src/stm32f3xx_it.c:383:6:EXTI4_IRQHandler	16	static
../Core/Src/stm32f3xx_it.c:418:6:EXTI9_5_IRQHandler	16	static
../Core/Src/stm32f3xx_it.c:471:6:TIM1_BRK_TIM15_IRQHandler	8	static
../Core/Src/stm32f3xx_it.c:490:6:TIM2_IRQHandler	8	static
../Core/Src/stm32f3xx_it.c:513:6:EXTI15_10_IRQHandler	8	static
../Core/Src/stm32f3xx_it.c:530:6:TIM6_DAC_IRQHandler	24	static
../Core/Src/stm32f3xx_it.c:713:6:Reset_Timer	16	static
../Core/Src/stm32f3xx_it.c:730:6:Choose_Floor_To_Service	16	static
